// Jest Snapshot v1, https://goo.gl/fbAQLP

exports[`probando <ResumeDescription/> debe montarse correctamente 1`] = `
Array [
  <span
    className="uppercase font-medium text-xl text-fondos"
  >
    Hola soy
  </span>,
  <h2
    className="my-4 uppercase font-bold text-3xl "
  >
    <span
      className="text-blue-400"
    >
      andres
    </span>
     gama
  </h2>,
  <p
    className="whitespace-pre-wrap text-fondos"
  >
    Un
    <span
      className="text-blue-400 font-medium"
    >
       Front-End Web Developer 
    </span>
    apasionado por el mundo del desarrollo y por crear aplicaciones e interfaces que aporten y brinden grandes experiencias.
  </p>,
]
`;
