// Jest Snapshot v1, https://goo.gl/fbAQLP

exports[`probando <CardProject/> debe montarse correctamente 1`] = `
<div
  className=" shadow-blue-200 shadow-sm rounded-2xl rounded-t-none transition-colors duration-150 bg-white dark:bg-baseDark text-fondos"
>
  <a
    className="w-full block aspect-video"
    href="https://findyourgames.netlify.app/"
    rel="noreferrer"
    target="_blank"
  >
    <img
      alt="project"
      className="w-full aspect-video object-cover"
      src="https://res.cloudinary.com/dapa84kxy/image/upload/v1644875081/portafolio/findyourgames/proyecto1_vsncjy.png"
    />
  </a>
  <div
    className="px-4 pb-4"
  >
    <div
      className="relative py-2 flex justify-center items-center"
    >
      <a
        className="font-bold text-blue-400 text-center mx-auto text-xl"
        href="https://findyourgames.netlify.app/"
        rel="noreferrer"
        target="_blank"
      >
        FINDYOURGAMES
         
        <i
          className="text-sm fa-solid fa-link dark:text-letraDark text-fondos"
        />
      </a>
      <a
        className="absolute top-2 right-0 text-xl block text-letra"
        href="https://github.com/GamaDev-Andres/FindYourGames"
        rel="noreferrer"
        target="_blank"
      >
        <i
          className="dark:text-letraDark fa-brands fa-github"
        />
      </a>
    </div>
    <div>
      <h3
        className=" dark:text-letraDark text-letra font-medium"
      >
        Descripción
      </h3>
      <p>
        Proyecto realizado con Html, css, javascript y gulp. En este proyecto consulto una API de videojuegos y organizo su información en una interfaz que me permite hacer búsqueda y filtrado de los videojuegos disponibles.
      </p>
    </div>
    <div>
      <h3
        className="text-letra font-medium dark:text-letraDark"
      >
        Tecnologias implementadas
      </h3>
      <ul
        className="flex gap-2 flex-wrap py-2"
      >
        <li
          className="px-2 py-1 border border-bordes rounded-full"
          key="Html"
        >
          <span>
            Html
          </span>
        </li>
        <li
          className="px-2 py-1 border border-bordes rounded-full"
          key="Sass"
        >
          <span>
            Sass
          </span>
        </li>
        <li
          className="px-2 py-1 border border-bordes rounded-full"
          key="Gulp"
        >
          <span>
            Gulp
          </span>
        </li>
        <li
          className="px-2 py-1 border border-bordes rounded-full"
          key="Javascript"
        >
          <span>
            Javascript
          </span>
        </li>
      </ul>
    </div>
  </div>
</div>
`;
