// Jest Snapshot v1, https://goo.gl/fbAQLP

exports[`probando <TitleAndLinksProject/> debe montarse correctamente 1`] = `
<div
  className="relative py-2 flex justify-center items-center"
>
  <a
    className="font-bold text-blue-400 text-center mx-auto text-xl"
    href="https://insta-gama.vercel.app/"
    rel="noreferrer"
    target="_blank"
  >
    INSTAGAMA
     
    <i
      className="text-sm fa-solid fa-link dark:text-letraDark text-fondos"
    />
  </a>
  <a
    className="absolute top-2 right-0 text-xl block text-letra"
    href="https://github.com/GamaDev-Andres/instaGama"
    rel="noreferrer"
    target="_blank"
  >
    <i
      className="dark:text-letraDark fa-brands fa-github"
    />
  </a>
</div>
`;
