// Jest Snapshot v1, https://goo.gl/fbAQLP

exports[`probando <Funcionalidades/> debe montarse correctamente 1`] = `
<div>
  <h2
    className="font-bold text-letra dark:text-letraDark text-lg"
  >
    Funcionalidades
  </h2>
  <ul
    className="pl-4 inline-block"
  >
    <li
      className="list-disc hover:text-blue-400 "
      key="Video presentacion de InstaGama"
    >
      <a
        className="underline"
        href="#VideopresentaciondeInstaGama"
      >
        Video presentacion de InstaGama
      </a>
    </li>
  </ul>
</div>
`;
