// Jest Snapshot v1, https://goo.gl/fbAQLP

exports[`probando <NavProject/> debe montarse correctamente 1`] = `
<nav
  className="fixed w-full  sm:top-0 sm:left-0 z-10"
>
  <div
    className="flex relative justify-center max-w-[1256px] mx-auto bg-base dark:bg-baseDark items-center px-4 py-2"
  >
    <a
      href="/"
      onClick={[Function]}
    >
      <h1
        className="text-letra font-black text-4xl px-4 text-center dark:text-letraDark"
      >
        GamaDev
      </h1>
    </a>
    <a
      className="absolute top-4 right-4"
      href="/"
      onClick={[Function]}
    >
      <i
        className="sm:mr-2 fa-solid fa-house"
      />
    </a>
  </div>
</nav>
`;
