// Jest Snapshot v1, https://goo.gl/fbAQLP

exports[`probando <SectionProject/> debe montarse correctamente  1`] = `
<section
  className="text-fondos scroll-m-14"
  id="VideopresentaciondeInstaGama"
>
  <h3
    className="uppercase text-blue-400 font-semibold text-2xl my-4"
  >
    Video presentacion de InstaGama
  </h3>
  <p>
    En este video se resumen las funcionalidades principales del proyecto.
  </p>
  <div
    className="flex flex-wrap pt-4 gap-4 items-center"
  >
    <div
      className="mx-auto sm:m-0 w-full center"
      key="https://res.cloudinary.com/dapa84kxy/video/upload/v1653062397/portafolio/2022-05-14_22-38-31_ru2dv2.mp4"
    >
      <video
        alt="screenshot-proyecto"
        className="cursor-pointer object-cover max-h-[400px] aspect-video mx-auto ring-1"
        controls={true}
        preload="auto"
        src="https://res.cloudinary.com/dapa84kxy/video/upload/v1653062397/portafolio/2022-05-14_22-38-31_ru2dv2.mp4"
      />
    </div>
  </div>
</section>
`;
