// Jest Snapshot v1, https://goo.gl/fbAQLP

exports[`probando <App/> debe montarse correctamente 1`] = `
<div
  className="h-screen flex justify-center items-center bg-blue-500"
>
  <h1
    className="p-8 rounded-2xl text-white text-5xl font-bold  bg-violet-900"
  >
    Iniciando portafolio-v2
  </h1>
</div>
`;
